ASxxxx Linker V03.00 + NoICE + sdld,  page 1.
Hexadecimal  [32-Bits]

Area                                    Addr        Size        Decimal Bytes (Attributes)
--------------------------------        ----        ----        ------- ----- ------------
CABS                                00000000    00000000 =           0. bytes (ABS,CON,CODE)

      Value  Global                              Global Defined In Module
      -----  --------------------------------   ------------------------
C:   00000000  l_BIT_BANK                      
C:   00000000  l_BSEG                          
C:   00000000  l_BSEG_BYTES                    
C:   00000000  l_CABS                          
C:   00000000  l_CONST                         
C:   00000000  l_GSINIT0                       
C:   00000000  l_GSINIT1                       
C:   00000000  l_GSINIT2                       
C:   00000000  l_GSINIT3                       
C:   00000000  l_GSINIT4                       
C:   00000000  l_GSINIT5                       
C:   00000000  l_IABS                          
C:   00000000  l_ISEG                          
C:   00000000  l_PSEG                          
C:   00000000  l_REG_BANK_1                    
C:   00000000  l_REG_BANK_2                    
C:   00000000  l_REG_BANK_3                    
C:   00000000  l_RSEG                          
C:   00000000  l_RSEG0                         
C:   00000000  l_RSEG1                         
C:   00000000  l_XABS                          
C:   00000000  l_XINIT                         
C:   00000000  l_XISEG                         
C:   00000000  l_XSEG                          
C:   00000000  l__CODE                         
C:   00000000  s_BSEG                          
C:   00000000  s_CABS                          
C:   00000000  s_DSEG                          
C:   00000000  s_HOME                          
C:   00000000  s_IABS                          
C:   00000000  s_IABS2                         
C:   00000000  s_ISEG                          
C:   00000000  s_REG_BANK_0                    
C:   00000000  s_RSEG                          
C:   00000000  s_RSEG0                         
C:   00000000  s_RSEG1                         
C:   00000000  s_XABS                          
C:   00000001  l_IABS2                         
C:   00000001  s_PSEG                          
C:   00000001  s_XISEG                         
C:   00000001  s_XSEG                          
C:   00000002  l_OSEG                          
C:   00000003  l_GSFINAL                       
C:   00000003  l_GSINIT                        
C:   00000006  l_HOME                          
C:   00000006  s_GSINIT                        
C:   00000006  s_GSINIT0                       
C:   00000006  s_GSINIT1                       
C:   00000006  s_GSINIT2                       
C:   00000006  s_GSINIT3                       
ASxxxx Linker V03.00 + NoICE + sdld,  page 2.
Hexadecimal  [32-Bits]

Area                                    Addr        Size        Decimal Bytes (Attributes)
--------------------------------        ----        ----        ------- ----- ------------
CABS                                00000000    00000000 =           0. bytes (ABS,CON,CODE)

      Value  Global                              Global Defined In Module
      -----  --------------------------------   ------------------------
C:   00000006  s_GSINIT4                       
C:   00000006  s_GSINIT5                       
C:   00000008  l_REG_BANK_0                    
C:   00000008  s_OSEG                          
C:   00000008  s_REG_BANK_1                    
C:   00000009  s_GSFINAL                       
C:   0000000C  s_CSEG                          
C:   00000010  s_REG_BANK_2                    
C:   00000018  s_BIT_BANK                      
C:   00000018  s_REG_BANK_3                    
C:   00000020  s_BSEG_BYTES                    
C:   00000020  s__CODE                         
C:   00000022  s_SSEG                          
C:   00000069  l_DSEG                          
C:   000000DE  l_SSEG                          
C:   00000100  l_IRAM                          
C:   00000163  l_CSEG                          
C:   0000016F  s_CONST                         
C:   0000016F  s_XINIT                         
ASxxxx Linker V03.00 + NoICE + sdld,  page 3.
Hexadecimal  [32-Bits]

Area                                    Addr        Size        Decimal Bytes (Attributes)
--------------------------------        ----        ----        ------- ----- ------------
IABS2                               00000000    00000001 =           1. bytes (ABS,CON)

      Value  Global                              Global Defined In Module
      -----  --------------------------------   ------------------------
ASxxxx Linker V03.00 + NoICE + sdld,  page 4.
Hexadecimal  [32-Bits]

Area                                    Addr        Size        Decimal Bytes (Attributes)
--------------------------------        ----        ----        ------- ----- ------------
.  .ABS.                            00000000    00000000 =           0. bytes (ABS,CON)

      Value  Global                              Global Defined In Module
      -----  --------------------------------   ------------------------
     00000000  .__.ABS.                           _modsint
     00000080  _P0                                threadCreateTest
     00000080  _P0_0                              threadCreateTest
     00000081  _P0_1                              threadCreateTest
     00000081  _SP                                threadCreateTest
     00000082  _DPL                               threadCreateTest
     00000082  _P0_2                              threadCreateTest
     00000083  _DPH                               threadCreateTest
     00000083  _P0_3                              threadCreateTest
     00000084  _P0_4                              threadCreateTest
     00000085  _P0_5                              threadCreateTest
     00000086  _P0_6                              threadCreateTest
     00000087  _P0_7                              threadCreateTest
     00000087  _PCON                              threadCreateTest
     00000088  _IT0                               threadCreateTest
     00000088  _TCON                              threadCreateTest
     00000089  _IE0                               threadCreateTest
     00000089  _TMOD                              threadCreateTest
     0000008A  _IT1                               threadCreateTest
     0000008A  _TL0                               threadCreateTest
     0000008B  _IE1                               threadCreateTest
     0000008B  _TL1                               threadCreateTest
     0000008C  _TH0                               threadCreateTest
     0000008C  _TR0                               threadCreateTest
     0000008D  _TF0                               threadCreateTest
     0000008D  _TH1                               threadCreateTest
     0000008E  _TR1                               threadCreateTest
     0000008F  _TF1                               threadCreateTest
     00000090  _P1                                threadCreateTest
     00000090  _P1_0                              threadCreateTest
     00000091  _P1_1                              threadCreateTest
     00000092  _P1_2                              threadCreateTest
     00000093  _P1_3                              threadCreateTest
     00000094  _P1_4                              threadCreateTest
     00000095  _P1_5                              threadCreateTest
     00000096  _P1_6                              threadCreateTest
     00000097  _P1_7                              threadCreateTest
     00000098  _RI                                threadCreateTest
     00000098  _SCON                              threadCreateTest
     00000099  _SBUF                              threadCreateTest
     00000099  _TI                                threadCreateTest
     0000009A  _RB8                               threadCreateTest
     0000009B  _TB8                               threadCreateTest
     0000009C  _REN                               threadCreateTest
     0000009D  _SM2                               threadCreateTest
     0000009E  _SM1                               threadCreateTest
     0000009F  _SM0                               threadCreateTest
     000000A0  _P2                                threadCreateTest
     000000A0  _P2_0                              threadCreateTest
     000000A1  _P2_1                              threadCreateTest
ASxxxx Linker V03.00 + NoICE + sdld,  page 5.
Hexadecimal  [32-Bits]

Area                                    Addr        Size        Decimal Bytes (Attributes)
--------------------------------        ----        ----        ------- ----- ------------
.  .ABS.                            00000000    00000000 =           0. bytes (ABS,CON)

      Value  Global                              Global Defined In Module
      -----  --------------------------------   ------------------------
     000000A2  _P2_2                              threadCreateTest
     000000A3  _P2_3                              threadCreateTest
     000000A4  _P2_4                              threadCreateTest
     000000A5  _P2_5                              threadCreateTest
     000000A6  _P2_6                              threadCreateTest
     000000A7  _P2_7                              threadCreateTest
     000000A8  _EX0                               threadCreateTest
     000000A8  _IE                                threadCreateTest
     000000A9  _ET0                               threadCreateTest
     000000AA  _EX1                               threadCreateTest
     000000AB  _ET1                               threadCreateTest
     000000AC  _ES                                threadCreateTest
     000000AF  _EA                                threadCreateTest
     000000B0  _P3                                threadCreateTest
     000000B0  _P3_0                              threadCreateTest
     000000B0  _RXD                               threadCreateTest
     000000B1  _P3_1                              threadCreateTest
     000000B1  _TXD                               threadCreateTest
     000000B2  _INT0                              threadCreateTest
     000000B2  _P3_2                              threadCreateTest
     000000B3  _INT1                              threadCreateTest
     000000B3  _P3_3                              threadCreateTest
     000000B4  _P3_4                              threadCreateTest
     000000B4  _T0                                threadCreateTest
     000000B5  _P3_5                              threadCreateTest
     000000B5  _T1                                threadCreateTest
     000000B6  _P3_6                              threadCreateTest
     000000B6  _WR                                threadCreateTest
     000000B7  _P3_7                              threadCreateTest
     000000B7  _RD                                threadCreateTest
     000000B8  _IP                                threadCreateTest
     000000B8  _PX0                               threadCreateTest
     000000B9  _PT0                               threadCreateTest
     000000BA  _PX1                               threadCreateTest
     000000BB  _PT1                               threadCreateTest
     000000BC  _PS                                threadCreateTest
     000000D0  _P                                 threadCreateTest
     000000D0  _PSW                               threadCreateTest
     000000D1  _F1                                threadCreateTest
     000000D2  _OV                                threadCreateTest
     000000D3  _RS0                               threadCreateTest
     000000D4  _RS1                               threadCreateTest
     000000D5  _F0                                threadCreateTest
     000000D6  _AC                                threadCreateTest
     000000D7  _CY                                threadCreateTest
     000000E0  _ACC                               threadCreateTest
     000000F0  _B                                 threadCreateTest

ASxxxx Linker V03.00 + NoICE + sdld,  page 6.
Hexadecimal  [32-Bits]

Area                                    Addr        Size        Decimal Bytes (Attributes)
--------------------------------        ----        ----        ------- ----- ------------
REG_BANK_0                          00000000    00000008 =           8. bytes (REL,OVR)

      Value  Global                              Global Defined In Module
      -----  --------------------------------   ------------------------
ASxxxx Linker V03.00 + NoICE + sdld,  page 7.
Hexadecimal  [32-Bits]

Area                                    Addr        Size        Decimal Bytes (Attributes)
--------------------------------        ----        ----        ------- ----- ------------
DSEG                                00000000    00000069 =         105. bytes (REL,CON)

      Value  Global                              Global Defined In Module
      -----  --------------------------------   ------------------------
ASxxxx Linker V03.00 + NoICE + sdld,  page 8.
Hexadecimal  [32-Bits]

Area                                    Addr        Size        Decimal Bytes (Attributes)
--------------------------------        ----        ----        ------- ----- ------------
OSEG                                00000008    00000002 =           2. bytes (REL,OVR)

      Value  Global                              Global Defined In Module
      -----  --------------------------------   ------------------------
     00000008  __modsint_PARM_2                   _moduint
     00000008  __moduint_PARM_2                   _moduint

ASxxxx Linker V03.00 + NoICE + sdld,  page 9.
Hexadecimal  [32-Bits]

Area                                    Addr        Size        Decimal Bytes (Attributes)
--------------------------------        ----        ----        ------- ----- ------------
SSEG                                00000022    000000DE =         222. bytes (REL,OVR)

      Value  Global                              Global Defined In Module
      -----  --------------------------------   ------------------------
     00000022  __start__stack                     threadCreateTest

ASxxxx Linker V03.00 + NoICE + sdld,  page 10.
Hexadecimal  [32-Bits]

Area                                    Addr        Size        Decimal Bytes (Attributes)
--------------------------------        ----        ----        ------- ----- ------------
HOME                                00000000    00000006 =           6. bytes (REL,CON,CODE)

      Value  Global                              Global Defined In Module
      -----  --------------------------------   ------------------------
C:   00000003  __sdcc_program_startup             threadCreateTest

ASxxxx Linker V03.00 + NoICE + sdld,  page 11.
Hexadecimal  [32-Bits]

Area                                    Addr        Size        Decimal Bytes (Attributes)
--------------------------------        ----        ----        ------- ----- ------------
GSINIT                              00000006    00000003 =           3. bytes (REL,CON,CODE)

      Value  Global                              Global Defined In Module
      -----  --------------------------------   ------------------------
ASxxxx Linker V03.00 + NoICE + sdld,  page 12.
Hexadecimal  [32-Bits]

Area                                    Addr        Size        Decimal Bytes (Attributes)
--------------------------------        ----        ----        ------- ----- ------------
GSFINAL                             00000009    00000003 =           3. bytes (REL,CON,CODE)

      Value  Global                              Global Defined In Module
      -----  --------------------------------   ------------------------
ASxxxx Linker V03.00 + NoICE + sdld,  page 13.
Hexadecimal  [32-Bits]

Area                                    Addr        Size        Decimal Bytes (Attributes)
--------------------------------        ----        ----        ------- ----- ------------
CSEG                                0000000C    00000163 =         355. bytes (REL,CON,CODE)

      Value  Global                              Global Defined In Module
      -----  --------------------------------   ------------------------
C:   0000000C  _ThreadCreate                      threadCreateTest
C:   00000053  _ThreadYield                       threadCreateTest
C:   000000DC  _main                              threadCreateTest
C:   000000E6  __sdcc_gsinit_startup              threadCreateTest
C:   000000E9  __mcs51_genRAMCLEAR                threadCreateTest
C:   000000EA  __mcs51_genXINIT                   threadCreateTest
C:   000000EB  __mcs51_genXRAMCLEAR               threadCreateTest
C:   000000EC  __moduint                          _moduint
C:   00000139  __modsint                          _modsint
ASxxxx Linker V03.00 + NoICE + sdld,  page 14.

Files Linked                              [ module(s) ]

threadCreateTest.rel                      [  ]


Libraries Linked                          [ object file ]

/opt/homebrew/bin/../share/sdcc/lib/small/libint.lib
                                          [ _moduint.rel ]
/opt/homebrew/bin/../share/sdcc/lib/small/libint.lib
                                          [ _modsint.rel ]

ASxxxx Linker V03.00 + NoICE + sdld,  page 15.

User Base Address Definitions

HOME = 0x0000
XSEG = 0x0001
PSEG = 0x0001
ISEG = 0x0000
BSEG = 0x0000

