ASxxxx Linker V03.00 + NoICE + sdld,  page 1.
Hexadecimal  [32-Bits]

Area                                    Addr        Size        Decimal Bytes (Attributes)
--------------------------------        ----        ----        ------- ----- ------------
CABS                                00000000    00000000 =           0. bytes (ABS,CON,CODE)

      Value  Global                              Global Defined In Module
      -----  --------------------------------   ------------------------
C:   00000000  l_BIT_BANK                      
C:   00000000  l_BSEG                          
C:   00000000  l_BSEG_BYTES                    
C:   00000000  l_CABS                          
C:   00000000  l_CONST                         
C:   00000000  l_GSINIT                        
C:   00000000  l_GSINIT0                       
C:   00000000  l_GSINIT1                       
C:   00000000  l_GSINIT2                       
C:   00000000  l_GSINIT3                       
C:   00000000  l_GSINIT4                       
C:   00000000  l_GSINIT5                       
C:   00000000  l_IABS                          
C:   00000000  l_ISEG                          
C:   00000000  l_OSEG                          
C:   00000000  l_PSEG                          
C:   00000000  l_REG_BANK_1                    
C:   00000000  l_REG_BANK_2                    
C:   00000000  l_REG_BANK_3                    
C:   00000000  l_RSEG                          
C:   00000000  l_RSEG0                         
C:   00000000  l_RSEG1                         
C:   00000000  l_XABS                          
C:   00000000  l_XINIT                         
C:   00000000  l_XISEG                         
C:   00000000  l_XSEG                          
C:   00000000  l__CODE                         
C:   00000000  s_BSEG                          
C:   00000000  s_CABS                          
C:   00000000  s_DSEG                          
C:   00000000  s_HOME                          
C:   00000000  s_IABS                          
C:   00000000  s_ISEG                          
C:   00000000  s_REG_BANK_0                    
C:   00000000  s_RSEG                          
C:   00000000  s_RSEG0                         
C:   00000000  s_RSEG1                         
C:   00000000  s_XABS                          
C:   00000001  s_PSEG                          
C:   00000001  s_XISEG                         
C:   00000001  s_XSEG                          
C:   00000003  l_GSFINAL                       
C:   00000006  l_HOME                          
C:   00000006  s_GSFINAL                       
C:   00000006  s_GSINIT                        
C:   00000006  s_GSINIT0                       
C:   00000006  s_GSINIT1                       
C:   00000006  s_GSINIT2                       
C:   00000006  s_GSINIT3                       
C:   00000006  s_GSINIT4                       
ASxxxx Linker V03.00 + NoICE + sdld,  page 2.
Hexadecimal  [32-Bits]

Area                                    Addr        Size        Decimal Bytes (Attributes)
--------------------------------        ----        ----        ------- ----- ------------
CABS                                00000000    00000000 =           0. bytes (ABS,CON,CODE)

      Value  Global                              Global Defined In Module
      -----  --------------------------------   ------------------------
C:   00000006  s_GSINIT5                       
C:   00000008  l_REG_BANK_0                    
C:   00000008  s_REG_BANK_1                    
C:   00000008  s_SSEG                          
C:   00000009  s_CSEG                          
C:   00000010  s_REG_BANK_2                    
C:   00000017  l_CSEG                          
C:   00000018  s_BIT_BANK                      
C:   00000018  s_OSEG                          
C:   00000018  s_REG_BANK_3                    
C:   00000020  s_BSEG_BYTES                    
C:   00000020  s_CONST                         
C:   00000020  s_XINIT                         
C:   00000020  s__CODE                         
C:   00000080  l_DSEG                          
C:   000000F8  l_SSEG                          
C:   00000100  l_IRAM                          

ASxxxx Linker V03.00 + NoICE + sdld,  page 3.
Hexadecimal  [32-Bits]

Area                                    Addr        Size        Decimal Bytes (Attributes)
--------------------------------        ----        ----        ------- ----- ------------
.  .ABS.                            00000000    00000000 =           0. bytes (ABS,CON)

      Value  Global                              Global Defined In Module
      -----  --------------------------------   ------------------------
     00000000  .__.ABS.                           pushTest
     00000080  _P0                                pushTest
     00000080  _P0_0                              pushTest
     00000081  _P0_1                              pushTest
     00000081  _SP                                pushTest
     00000082  _DPL                               pushTest
     00000082  _P0_2                              pushTest
     00000083  _DPH                               pushTest
     00000083  _P0_3                              pushTest
     00000084  _P0_4                              pushTest
     00000085  _P0_5                              pushTest
     00000086  _P0_6                              pushTest
     00000087  _P0_7                              pushTest
     00000087  _PCON                              pushTest
     00000088  _IT0                               pushTest
     00000088  _TCON                              pushTest
     00000089  _IE0                               pushTest
     00000089  _TMOD                              pushTest
     0000008A  _IT1                               pushTest
     0000008A  _TL0                               pushTest
     0000008B  _IE1                               pushTest
     0000008B  _TL1                               pushTest
     0000008C  _TH0                               pushTest
     0000008C  _TR0                               pushTest
     0000008D  _TF0                               pushTest
     0000008D  _TH1                               pushTest
     0000008E  _TR1                               pushTest
     0000008F  _TF1                               pushTest
     00000090  _P1                                pushTest
     00000090  _P1_0                              pushTest
     00000091  _P1_1                              pushTest
     00000092  _P1_2                              pushTest
     00000093  _P1_3                              pushTest
     00000094  _P1_4                              pushTest
     00000095  _P1_5                              pushTest
     00000096  _P1_6                              pushTest
     00000097  _P1_7                              pushTest
     00000098  _RI                                pushTest
     00000098  _SCON                              pushTest
     00000099  _SBUF                              pushTest
     00000099  _TI                                pushTest
     0000009A  _RB8                               pushTest
     0000009B  _TB8                               pushTest
     0000009C  _REN                               pushTest
     0000009D  _SM2                               pushTest
     0000009E  _SM1                               pushTest
     0000009F  _SM0                               pushTest
     000000A0  _P2                                pushTest
     000000A0  _P2_0                              pushTest
     000000A1  _P2_1                              pushTest
ASxxxx Linker V03.00 + NoICE + sdld,  page 4.
Hexadecimal  [32-Bits]

Area                                    Addr        Size        Decimal Bytes (Attributes)
--------------------------------        ----        ----        ------- ----- ------------
.  .ABS.                            00000000    00000000 =           0. bytes (ABS,CON)

      Value  Global                              Global Defined In Module
      -----  --------------------------------   ------------------------
     000000A2  _P2_2                              pushTest
     000000A3  _P2_3                              pushTest
     000000A4  _P2_4                              pushTest
     000000A5  _P2_5                              pushTest
     000000A6  _P2_6                              pushTest
     000000A7  _P2_7                              pushTest
     000000A8  _EX0                               pushTest
     000000A8  _IE                                pushTest
     000000A9  _ET0                               pushTest
     000000AA  _EX1                               pushTest
     000000AB  _ET1                               pushTest
     000000AC  _ES                                pushTest
     000000AF  _EA                                pushTest
     000000B0  _P3                                pushTest
     000000B0  _P3_0                              pushTest
     000000B0  _RXD                               pushTest
     000000B1  _P3_1                              pushTest
     000000B1  _TXD                               pushTest
     000000B2  _INT0                              pushTest
     000000B2  _P3_2                              pushTest
     000000B3  _INT1                              pushTest
     000000B3  _P3_3                              pushTest
     000000B4  _P3_4                              pushTest
     000000B4  _T0                                pushTest
     000000B5  _P3_5                              pushTest
     000000B5  _T1                                pushTest
     000000B6  _P3_6                              pushTest
     000000B6  _WR                                pushTest
     000000B7  _P3_7                              pushTest
     000000B7  _RD                                pushTest
     000000B8  _IP                                pushTest
     000000B8  _PX0                               pushTest
     000000B9  _PT0                               pushTest
     000000BA  _PX1                               pushTest
     000000BB  _PT1                               pushTest
     000000BC  _PS                                pushTest
     000000D0  _P                                 pushTest
     000000D0  _PSW                               pushTest
     000000D1  _F1                                pushTest
     000000D2  _OV                                pushTest
     000000D3  _RS0                               pushTest
     000000D4  _RS1                               pushTest
     000000D5  _F0                                pushTest
     000000D6  _AC                                pushTest
     000000D7  _CY                                pushTest
     000000E0  _ACC                               pushTest
     000000F0  _B                                 pushTest

ASxxxx Linker V03.00 + NoICE + sdld,  page 5.
Hexadecimal  [32-Bits]

Area                                    Addr        Size        Decimal Bytes (Attributes)
--------------------------------        ----        ----        ------- ----- ------------
REG_BANK_0                          00000000    00000008 =           8. bytes (REL,OVR)

      Value  Global                              Global Defined In Module
      -----  --------------------------------   ------------------------
ASxxxx Linker V03.00 + NoICE + sdld,  page 6.
Hexadecimal  [32-Bits]

Area                                    Addr        Size        Decimal Bytes (Attributes)
--------------------------------        ----        ----        ------- ----- ------------
DSEG                                00000000    00000080 =         128. bytes (REL,CON)

      Value  Global                              Global Defined In Module
      -----  --------------------------------   ------------------------
ASxxxx Linker V03.00 + NoICE + sdld,  page 7.
Hexadecimal  [32-Bits]

Area                                    Addr        Size        Decimal Bytes (Attributes)
--------------------------------        ----        ----        ------- ----- ------------
SSEG                                00000008    000000F8 =         248. bytes (REL,OVR)

      Value  Global                              Global Defined In Module
      -----  --------------------------------   ------------------------
     00000008  __start__stack                     pushTest

ASxxxx Linker V03.00 + NoICE + sdld,  page 8.
Hexadecimal  [32-Bits]

Area                                    Addr        Size        Decimal Bytes (Attributes)
--------------------------------        ----        ----        ------- ----- ------------
HOME                                00000000    00000006 =           6. bytes (REL,CON,CODE)

      Value  Global                              Global Defined In Module
      -----  --------------------------------   ------------------------
C:   00000003  __sdcc_program_startup             pushTest

ASxxxx Linker V03.00 + NoICE + sdld,  page 9.
Hexadecimal  [32-Bits]

Area                                    Addr        Size        Decimal Bytes (Attributes)
--------------------------------        ----        ----        ------- ----- ------------
GSFINAL                             00000006    00000003 =           3. bytes (REL,CON,CODE)

      Value  Global                              Global Defined In Module
      -----  --------------------------------   ------------------------
ASxxxx Linker V03.00 + NoICE + sdld,  page 10.
Hexadecimal  [32-Bits]

Area                                    Addr        Size        Decimal Bytes (Attributes)
--------------------------------        ----        ----        ------- ----- ------------
CSEG                                00000009    00000017 =          23. bytes (REL,CON,CODE)

      Value  Global                              Global Defined In Module
      -----  --------------------------------   ------------------------
C:   00000009  _testP                             pushTest
C:   0000000E  _main                              pushTest
C:   0000001A  __sdcc_gsinit_startup              pushTest
C:   0000001D  __mcs51_genRAMCLEAR                pushTest
C:   0000001E  __mcs51_genXINIT                   pushTest
C:   0000001F  __mcs51_genXRAMCLEAR               pushTest
ASxxxx Linker V03.00 + NoICE + sdld,  page 11.

Files Linked                              [ module(s) ]

pushTest.rel                              [  ]

ASxxxx Linker V03.00 + NoICE + sdld,  page 12.

User Base Address Definitions

HOME = 0x0000
XSEG = 0x0001
PSEG = 0x0001
ISEG = 0x0000
BSEG = 0x0000

