ASxxxx Linker V03.00 + NoICE + sdld,  page 1.
Hexadecimal  [32-Bits]

Area                                    Addr        Size        Decimal Bytes (Attributes)
--------------------------------        ----        ----        ------- ----- ------------
CABS                                00000000    00000000 =           0. bytes (ABS,CON,CODE)

      Value  Global                              Global Defined In Module
      -----  --------------------------------   ------------------------
C:   00000000  l_BIT_BANK                      
C:   00000000  l_BSEG                          
C:   00000000  l_BSEG_BYTES                    
C:   00000000  l_CABS                          
C:   00000000  l_CONST                         
C:   00000000  l_GSINIT                        
C:   00000000  l_GSINIT0                       
C:   00000000  l_GSINIT1                       
C:   00000000  l_GSINIT2                       
C:   00000000  l_GSINIT3                       
C:   00000000  l_GSINIT4                       
C:   00000000  l_GSINIT5                       
C:   00000000  l_IABS                          
C:   00000000  l_ISEG                          
C:   00000000  l_OSEG                          
C:   00000000  l_PSEG                          
C:   00000000  l_REG_BANK_1                    
C:   00000000  l_REG_BANK_2                    
C:   00000000  l_REG_BANK_3                    
C:   00000000  l_RSEG                          
C:   00000000  l_RSEG0                         
C:   00000000  l_RSEG1                         
C:   00000000  l_XABS                          
C:   00000000  l_XINIT                         
C:   00000000  l_XISEG                         
C:   00000000  l_XSEG                          
C:   00000000  l__CODE                         
C:   00000000  s_BSEG                          
C:   00000000  s_CABS                          
C:   00000000  s_DSEG                          
C:   00000000  s_HOME                          
C:   00000000  s_IABS                          
C:   00000000  s_ISEG                          
C:   00000000  s_REG_BANK_0                    
C:   00000000  s_RSEG                          
C:   00000000  s_RSEG0                         
C:   00000000  s_RSEG1                         
C:   00000000  s_XABS                          
C:   00000001  s_PSEG                          
C:   00000001  s_XISEG                         
C:   00000001  s_XSEG                          
C:   00000003  l_GSFINAL                       
C:   00000006  l_HOME                          
C:   00000006  s_GSFINAL                       
C:   00000006  s_GSINIT                        
C:   00000006  s_GSINIT0                       
C:   00000006  s_GSINIT1                       
C:   00000006  s_GSINIT2                       
C:   00000006  s_GSINIT3                       
C:   00000006  s_GSINIT4                       
ASxxxx Linker V03.00 + NoICE + sdld,  page 2.
Hexadecimal  [32-Bits]

Area                                    Addr        Size        Decimal Bytes (Attributes)
--------------------------------        ----        ----        ------- ----- ------------
CABS                                00000000    00000000 =           0. bytes (ABS,CON,CODE)

      Value  Global                              Global Defined In Module
      -----  --------------------------------   ------------------------
C:   00000006  s_GSINIT5                       
C:   00000008  l_REG_BANK_0                    
C:   00000008  s_REG_BANK_1                    
C:   00000008  s_SSEG                          
C:   00000009  s_CSEG                          
C:   0000000A  l_CSEG                          
C:   00000010  s_REG_BANK_2                    
C:   00000013  s_CONST                         
C:   00000013  s_XINIT                         
C:   00000018  s_BIT_BANK                      
C:   00000018  s_OSEG                          
C:   00000018  s_REG_BANK_3                    
C:   00000020  s_BSEG_BYTES                    
C:   00000020  s__CODE                         
C:   00000080  l_DSEG                          
C:   000000F8  l_SSEG                          
C:   00000100  l_IRAM                          

ASxxxx Linker V03.00 + NoICE + sdld,  page 3.
Hexadecimal  [32-Bits]

Area                                    Addr        Size        Decimal Bytes (Attributes)
--------------------------------        ----        ----        ------- ----- ------------
.  .ABS.                            00000000    00000000 =           0. bytes (ABS,CON)

      Value  Global                              Global Defined In Module
      -----  --------------------------------   ------------------------
     00000000  .__.ABS.                           test0
     00000080  _P0                                test0
     00000080  _P0_0                              test0
     00000081  _P0_1                              test0
     00000081  _SP                                test0
     00000082  _DPL                               test0
     00000082  _P0_2                              test0
     00000083  _DPH                               test0
     00000083  _P0_3                              test0
     00000084  _P0_4                              test0
     00000085  _P0_5                              test0
     00000086  _P0_6                              test0
     00000087  _P0_7                              test0
     00000087  _PCON                              test0
     00000088  _IT0                               test0
     00000088  _TCON                              test0
     00000089  _IE0                               test0
     00000089  _TMOD                              test0
     0000008A  _IT1                               test0
     0000008A  _TL0                               test0
     0000008B  _IE1                               test0
     0000008B  _TL1                               test0
     0000008C  _TH0                               test0
     0000008C  _TR0                               test0
     0000008D  _TF0                               test0
     0000008D  _TH1                               test0
     0000008E  _TR1                               test0
     0000008F  _TF1                               test0
     00000090  _P1                                test0
     00000090  _P1_0                              test0
     00000091  _P1_1                              test0
     00000092  _P1_2                              test0
     00000093  _P1_3                              test0
     00000094  _P1_4                              test0
     00000095  _P1_5                              test0
     00000096  _P1_6                              test0
     00000097  _P1_7                              test0
     00000098  _RI                                test0
     00000098  _SCON                              test0
     00000099  _SBUF                              test0
     00000099  _TI                                test0
     0000009A  _RB8                               test0
     0000009B  _TB8                               test0
     0000009C  _REN                               test0
     0000009D  _SM2                               test0
     0000009E  _SM1                               test0
     0000009F  _SM0                               test0
     000000A0  _P2                                test0
     000000A0  _P2_0                              test0
     000000A1  _P2_1                              test0
ASxxxx Linker V03.00 + NoICE + sdld,  page 4.
Hexadecimal  [32-Bits]

Area                                    Addr        Size        Decimal Bytes (Attributes)
--------------------------------        ----        ----        ------- ----- ------------
.  .ABS.                            00000000    00000000 =           0. bytes (ABS,CON)

      Value  Global                              Global Defined In Module
      -----  --------------------------------   ------------------------
     000000A2  _P2_2                              test0
     000000A3  _P2_3                              test0
     000000A4  _P2_4                              test0
     000000A5  _P2_5                              test0
     000000A6  _P2_6                              test0
     000000A7  _P2_7                              test0
     000000A8  _EX0                               test0
     000000A8  _IE                                test0
     000000A9  _ET0                               test0
     000000AA  _EX1                               test0
     000000AB  _ET1                               test0
     000000AC  _ES                                test0
     000000AF  _EA                                test0
     000000B0  _P3                                test0
     000000B0  _P3_0                              test0
     000000B0  _RXD                               test0
     000000B1  _P3_1                              test0
     000000B1  _TXD                               test0
     000000B2  _INT0                              test0
     000000B2  _P3_2                              test0
     000000B3  _INT1                              test0
     000000B3  _P3_3                              test0
     000000B4  _P3_4                              test0
     000000B4  _T0                                test0
     000000B5  _P3_5                              test0
     000000B5  _T1                                test0
     000000B6  _P3_6                              test0
     000000B6  _WR                                test0
     000000B7  _P3_7                              test0
     000000B7  _RD                                test0
     000000B8  _IP                                test0
     000000B8  _PX0                               test0
     000000B9  _PT0                               test0
     000000BA  _PX1                               test0
     000000BB  _PT1                               test0
     000000BC  _PS                                test0
     000000D0  _P                                 test0
     000000D0  _PSW                               test0
     000000D1  _F1                                test0
     000000D2  _OV                                test0
     000000D3  _RS0                               test0
     000000D4  _RS1                               test0
     000000D5  _F0                                test0
     000000D6  _AC                                test0
     000000D7  _CY                                test0
     000000E0  _ACC                               test0
     000000F0  _B                                 test0

ASxxxx Linker V03.00 + NoICE + sdld,  page 5.
Hexadecimal  [32-Bits]

Area                                    Addr        Size        Decimal Bytes (Attributes)
--------------------------------        ----        ----        ------- ----- ------------
REG_BANK_0                          00000000    00000008 =           8. bytes (REL,OVR)

      Value  Global                              Global Defined In Module
      -----  --------------------------------   ------------------------
ASxxxx Linker V03.00 + NoICE + sdld,  page 6.
Hexadecimal  [32-Bits]

Area                                    Addr        Size        Decimal Bytes (Attributes)
--------------------------------        ----        ----        ------- ----- ------------
DSEG                                00000000    00000080 =         128. bytes (REL,CON)

      Value  Global                              Global Defined In Module
      -----  --------------------------------   ------------------------
ASxxxx Linker V03.00 + NoICE + sdld,  page 7.
Hexadecimal  [32-Bits]

Area                                    Addr        Size        Decimal Bytes (Attributes)
--------------------------------        ----        ----        ------- ----- ------------
SSEG                                00000008    000000F8 =         248. bytes (REL,OVR)

      Value  Global                              Global Defined In Module
      -----  --------------------------------   ------------------------
     00000008  __start__stack                     test0

ASxxxx Linker V03.00 + NoICE + sdld,  page 8.
Hexadecimal  [32-Bits]

Area                                    Addr        Size        Decimal Bytes (Attributes)
--------------------------------        ----        ----        ------- ----- ------------
HOME                                00000000    00000006 =           6. bytes (REL,CON,CODE)

      Value  Global                              Global Defined In Module
      -----  --------------------------------   ------------------------
C:   00000003  __sdcc_program_startup             test0

ASxxxx Linker V03.00 + NoICE + sdld,  page 9.
Hexadecimal  [32-Bits]

Area                                    Addr        Size        Decimal Bytes (Attributes)
--------------------------------        ----        ----        ------- ----- ------------
GSFINAL                             00000006    00000003 =           3. bytes (REL,CON,CODE)

      Value  Global                              Global Defined In Module
      -----  --------------------------------   ------------------------
ASxxxx Linker V03.00 + NoICE + sdld,  page 10.
Hexadecimal  [32-Bits]

Area                                    Addr        Size        Decimal Bytes (Attributes)
--------------------------------        ----        ----        ------- ----- ------------
CSEG                                00000009    0000000A =          10. bytes (REL,CON,CODE)

      Value  Global                              Global Defined In Module
      -----  --------------------------------   ------------------------
C:   00000009  _main                              test0
C:   0000000D  __sdcc_gsinit_startup              test0
C:   00000010  __mcs51_genRAMCLEAR                test0
C:   00000011  __mcs51_genXINIT                   test0
C:   00000012  __mcs51_genXRAMCLEAR               test0

ASxxxx Linker V03.00 + NoICE + sdld,  page 11.

Files Linked                              [ module(s) ]

test0.rel                                 [  ]

ASxxxx Linker V03.00 + NoICE + sdld,  page 12.

User Base Address Definitions

HOME = 0x0000
XSEG = 0x0001
PSEG = 0x0001
ISEG = 0x0000
BSEG = 0x0000

