                                      1 ;--------------------------------------------------------
                                      2 ; File Created by SDCC : free open source ANSI-C Compiler
                                      3 ; Version 4.1.0 #12072 (Mac OS X ppc)
                                      4 ;--------------------------------------------------------
                                      5 	.module semaphoreDefine
                                      6 	.optsdcc -mmcs51 --model-small
                                      7 	
                                      8 ;--------------------------------------------------------
                                      9 ; Public variables in this module
                                     10 ;--------------------------------------------------------
                                     11 	.globl __mcs51_genXRAMCLEAR
                                     12 	.globl __mcs51_genXINIT
                                     13 	.globl __mcs51_genRAMCLEAR
                                     14 	.globl __sdcc_gsinit_startup
                                     15 	.globl _main
                                     16 	.globl _CY
                                     17 	.globl _AC
                                     18 	.globl _F0
                                     19 	.globl _RS1
                                     20 	.globl _RS0
                                     21 	.globl _OV
                                     22 	.globl _F1
                                     23 	.globl _P
                                     24 	.globl _PS
                                     25 	.globl _PT1
                                     26 	.globl _PX1
                                     27 	.globl _PT0
                                     28 	.globl _PX0
                                     29 	.globl _RD
                                     30 	.globl _WR
                                     31 	.globl _T1
                                     32 	.globl _T0
                                     33 	.globl _INT1
                                     34 	.globl _INT0
                                     35 	.globl _TXD
                                     36 	.globl _RXD
                                     37 	.globl _P3_7
                                     38 	.globl _P3_6
                                     39 	.globl _P3_5
                                     40 	.globl _P3_4
                                     41 	.globl _P3_3
                                     42 	.globl _P3_2
                                     43 	.globl _P3_1
                                     44 	.globl _P3_0
                                     45 	.globl _EA
                                     46 	.globl _ES
                                     47 	.globl _ET1
                                     48 	.globl _EX1
                                     49 	.globl _ET0
                                     50 	.globl _EX0
                                     51 	.globl _P2_7
                                     52 	.globl _P2_6
                                     53 	.globl _P2_5
                                     54 	.globl _P2_4
                                     55 	.globl _P2_3
                                     56 	.globl _P2_2
                                     57 	.globl _P2_1
                                     58 	.globl _P2_0
                                     59 	.globl _SM0
                                     60 	.globl _SM1
                                     61 	.globl _SM2
                                     62 	.globl _REN
                                     63 	.globl _TB8
                                     64 	.globl _RB8
                                     65 	.globl _TI
                                     66 	.globl _RI
                                     67 	.globl _P1_7
                                     68 	.globl _P1_6
                                     69 	.globl _P1_5
                                     70 	.globl _P1_4
                                     71 	.globl _P1_3
                                     72 	.globl _P1_2
                                     73 	.globl _P1_1
                                     74 	.globl _P1_0
                                     75 	.globl _TF1
                                     76 	.globl _TR1
                                     77 	.globl _TF0
                                     78 	.globl _TR0
                                     79 	.globl _IE1
                                     80 	.globl _IT1
                                     81 	.globl _IE0
                                     82 	.globl _IT0
                                     83 	.globl _P0_7
                                     84 	.globl _P0_6
                                     85 	.globl _P0_5
                                     86 	.globl _P0_4
                                     87 	.globl _P0_3
                                     88 	.globl _P0_2
                                     89 	.globl _P0_1
                                     90 	.globl _P0_0
                                     91 	.globl _B
                                     92 	.globl _ACC
                                     93 	.globl _PSW
                                     94 	.globl _IP
                                     95 	.globl _P3
                                     96 	.globl _IE
                                     97 	.globl _P2
                                     98 	.globl _SBUF
                                     99 	.globl _SCON
                                    100 	.globl _P1
                                    101 	.globl _TH1
                                    102 	.globl _TH0
                                    103 	.globl _TL1
                                    104 	.globl _TL0
                                    105 	.globl _TMOD
                                    106 	.globl _TCON
                                    107 	.globl _PCON
                                    108 	.globl _DPH
                                    109 	.globl _DPL
                                    110 	.globl _SP
                                    111 	.globl _P0
                                    112 ;--------------------------------------------------------
                                    113 ; special function registers
                                    114 ;--------------------------------------------------------
                                    115 	.area RSEG    (ABS,DATA)
      000000                        116 	.org 0x0000
                           000080   117 _P0	=	0x0080
                           000081   118 _SP	=	0x0081
                           000082   119 _DPL	=	0x0082
                           000083   120 _DPH	=	0x0083
                           000087   121 _PCON	=	0x0087
                           000088   122 _TCON	=	0x0088
                           000089   123 _TMOD	=	0x0089
                           00008A   124 _TL0	=	0x008a
                           00008B   125 _TL1	=	0x008b
                           00008C   126 _TH0	=	0x008c
                           00008D   127 _TH1	=	0x008d
                           000090   128 _P1	=	0x0090
                           000098   129 _SCON	=	0x0098
                           000099   130 _SBUF	=	0x0099
                           0000A0   131 _P2	=	0x00a0
                           0000A8   132 _IE	=	0x00a8
                           0000B0   133 _P3	=	0x00b0
                           0000B8   134 _IP	=	0x00b8
                           0000D0   135 _PSW	=	0x00d0
                           0000E0   136 _ACC	=	0x00e0
                           0000F0   137 _B	=	0x00f0
                                    138 ;--------------------------------------------------------
                                    139 ; special function bits
                                    140 ;--------------------------------------------------------
                                    141 	.area RSEG    (ABS,DATA)
      000000                        142 	.org 0x0000
                           000080   143 _P0_0	=	0x0080
                           000081   144 _P0_1	=	0x0081
                           000082   145 _P0_2	=	0x0082
                           000083   146 _P0_3	=	0x0083
                           000084   147 _P0_4	=	0x0084
                           000085   148 _P0_5	=	0x0085
                           000086   149 _P0_6	=	0x0086
                           000087   150 _P0_7	=	0x0087
                           000088   151 _IT0	=	0x0088
                           000089   152 _IE0	=	0x0089
                           00008A   153 _IT1	=	0x008a
                           00008B   154 _IE1	=	0x008b
                           00008C   155 _TR0	=	0x008c
                           00008D   156 _TF0	=	0x008d
                           00008E   157 _TR1	=	0x008e
                           00008F   158 _TF1	=	0x008f
                           000090   159 _P1_0	=	0x0090
                           000091   160 _P1_1	=	0x0091
                           000092   161 _P1_2	=	0x0092
                           000093   162 _P1_3	=	0x0093
                           000094   163 _P1_4	=	0x0094
                           000095   164 _P1_5	=	0x0095
                           000096   165 _P1_6	=	0x0096
                           000097   166 _P1_7	=	0x0097
                           000098   167 _RI	=	0x0098
                           000099   168 _TI	=	0x0099
                           00009A   169 _RB8	=	0x009a
                           00009B   170 _TB8	=	0x009b
                           00009C   171 _REN	=	0x009c
                           00009D   172 _SM2	=	0x009d
                           00009E   173 _SM1	=	0x009e
                           00009F   174 _SM0	=	0x009f
                           0000A0   175 _P2_0	=	0x00a0
                           0000A1   176 _P2_1	=	0x00a1
                           0000A2   177 _P2_2	=	0x00a2
                           0000A3   178 _P2_3	=	0x00a3
                           0000A4   179 _P2_4	=	0x00a4
                           0000A5   180 _P2_5	=	0x00a5
                           0000A6   181 _P2_6	=	0x00a6
                           0000A7   182 _P2_7	=	0x00a7
                           0000A8   183 _EX0	=	0x00a8
                           0000A9   184 _ET0	=	0x00a9
                           0000AA   185 _EX1	=	0x00aa
                           0000AB   186 _ET1	=	0x00ab
                           0000AC   187 _ES	=	0x00ac
                           0000AF   188 _EA	=	0x00af
                           0000B0   189 _P3_0	=	0x00b0
                           0000B1   190 _P3_1	=	0x00b1
                           0000B2   191 _P3_2	=	0x00b2
                           0000B3   192 _P3_3	=	0x00b3
                           0000B4   193 _P3_4	=	0x00b4
                           0000B5   194 _P3_5	=	0x00b5
                           0000B6   195 _P3_6	=	0x00b6
                           0000B7   196 _P3_7	=	0x00b7
                           0000B0   197 _RXD	=	0x00b0
                           0000B1   198 _TXD	=	0x00b1
                           0000B2   199 _INT0	=	0x00b2
                           0000B3   200 _INT1	=	0x00b3
                           0000B4   201 _T0	=	0x00b4
                           0000B5   202 _T1	=	0x00b5
                           0000B6   203 _WR	=	0x00b6
                           0000B7   204 _RD	=	0x00b7
                           0000B8   205 _PX0	=	0x00b8
                           0000B9   206 _PT0	=	0x00b9
                           0000BA   207 _PX1	=	0x00ba
                           0000BB   208 _PT1	=	0x00bb
                           0000BC   209 _PS	=	0x00bc
                           0000D0   210 _P	=	0x00d0
                           0000D1   211 _F1	=	0x00d1
                           0000D2   212 _OV	=	0x00d2
                           0000D3   213 _RS0	=	0x00d3
                           0000D4   214 _RS1	=	0x00d4
                           0000D5   215 _F0	=	0x00d5
                           0000D6   216 _AC	=	0x00d6
                           0000D7   217 _CY	=	0x00d7
                                    218 ;--------------------------------------------------------
                                    219 ; overlayable register banks
                                    220 ;--------------------------------------------------------
                                    221 	.area REG_BANK_0	(REL,OVR,DATA)
      000000                        222 	.ds 8
                                    223 ;--------------------------------------------------------
                                    224 ; internal ram data
                                    225 ;--------------------------------------------------------
                                    226 	.area DSEG    (DATA)
                           000036   227 _empty	=	0x0036
                           000037   228 _full	=	0x0037
                           000038   229 _mutex	=	0x0038
                           000039   230 _n	=	0x0039
                                    231 ;--------------------------------------------------------
                                    232 ; overlayable items in internal ram 
                                    233 ;--------------------------------------------------------
                                    234 ;--------------------------------------------------------
                                    235 ; Stack segment in internal ram 
                                    236 ;--------------------------------------------------------
                                    237 	.area	SSEG
      000000                        238 __start__stack:
      000000                        239 	.ds	1
                                    240 
                                    241 ;--------------------------------------------------------
                                    242 ; indirectly addressable internal ram data
                                    243 ;--------------------------------------------------------
                                    244 	.area ISEG    (DATA)
                                    245 ;--------------------------------------------------------
                                    246 ; absolute internal ram data
                                    247 ;--------------------------------------------------------
                                    248 	.area IABS    (ABS,DATA)
                                    249 	.area IABS    (ABS,DATA)
                                    250 ;--------------------------------------------------------
                                    251 ; bit data
                                    252 ;--------------------------------------------------------
                                    253 	.area BSEG    (BIT)
                                    254 ;--------------------------------------------------------
                                    255 ; paged external ram data
                                    256 ;--------------------------------------------------------
                                    257 	.area PSEG    (PAG,XDATA)
                                    258 ;--------------------------------------------------------
                                    259 ; external ram data
                                    260 ;--------------------------------------------------------
                                    261 	.area XSEG    (XDATA)
                                    262 ;--------------------------------------------------------
                                    263 ; absolute external ram data
                                    264 ;--------------------------------------------------------
                                    265 	.area XABS    (ABS,XDATA)
                                    266 ;--------------------------------------------------------
                                    267 ; external initialized ram data
                                    268 ;--------------------------------------------------------
                                    269 	.area XISEG   (XDATA)
                                    270 	.area HOME    (CODE)
                                    271 	.area GSINIT0 (CODE)
                                    272 	.area GSINIT1 (CODE)
                                    273 	.area GSINIT2 (CODE)
                                    274 	.area GSINIT3 (CODE)
                                    275 	.area GSINIT4 (CODE)
                                    276 	.area GSINIT5 (CODE)
                                    277 	.area GSINIT  (CODE)
                                    278 	.area GSFINAL (CODE)
                                    279 	.area CSEG    (CODE)
                                    280 ;--------------------------------------------------------
                                    281 ; interrupt vector 
                                    282 ;--------------------------------------------------------
                                    283 	.area HOME    (CODE)
      000000                        284 __interrupt_vect:
      000000 02r00r2A         [24]  285 	ljmp	__sdcc_gsinit_startup
                                    286 ;--------------------------------------------------------
                                    287 ; global & static initialisations
                                    288 ;--------------------------------------------------------
                                    289 	.area HOME    (CODE)
                                    290 	.area GSINIT  (CODE)
                                    291 	.area GSFINAL (CODE)
                                    292 	.area GSINIT  (CODE)
                                    293 	.globl __sdcc_gsinit_startup
                                    294 	.globl __sdcc_program_startup
                                    295 	.globl __start__stack
                                    296 	.globl __mcs51_genXINIT
                                    297 	.globl __mcs51_genXRAMCLEAR
                                    298 	.globl __mcs51_genRAMCLEAR
                                    299 	.area GSFINAL (CODE)
      000000 02r00r03         [24]  300 	ljmp	__sdcc_program_startup
                                    301 ;--------------------------------------------------------
                                    302 ; Home
                                    303 ;--------------------------------------------------------
                                    304 	.area HOME    (CODE)
                                    305 	.area HOME    (CODE)
      000003                        306 __sdcc_program_startup:
      000003 02r00r00         [24]  307 	ljmp	_main
                                    308 ;	return from main will return to caller
                                    309 ;--------------------------------------------------------
                                    310 ; code
                                    311 ;--------------------------------------------------------
                                    312 	.area CSEG    (CODE)
                                    313 ;------------------------------------------------------------
                                    314 ;Allocation info for local variables in function 'main'
                                    315 ;------------------------------------------------------------
                                    316 ;	semaphoreDefine.c:44: void main(){
                                    317 ;	-----------------------------------------
                                    318 ;	 function main
                                    319 ;	-----------------------------------------
      000000                        320 _main:
                           000007   321 	ar7 = 0x07
                           000006   322 	ar6 = 0x06
                           000005   323 	ar5 = 0x05
                           000004   324 	ar4 = 0x04
                           000003   325 	ar3 = 0x03
                           000002   326 	ar2 = 0x02
                           000001   327 	ar1 = 0x01
                           000000   328 	ar0 = 0x00
                                    329 ;	semaphoreDefine.c:45: n = 1;
      000000 75 39 01         [24]  330 	mov	_n,#0x01
                                    331 ;	semaphoreDefine.c:46: SemaphoreCreate(mutex, n);
      000003 C2 AF            [12]  332 	CLR 0xAF 
      000005 85 39 38         [24]  333 	MOV _mutex, _n 
      000008 D2 AF            [12]  334 	SETB 0xAF 
                                    335 ;	semaphoreDefine.c:48: n = 3;
      00000A 75 39 03         [24]  336 	mov	_n,#0x03
                                    337 ;	semaphoreDefine.c:49: SemaphoreCreate(empty, n); 
      00000D C2 AF            [12]  338 	CLR 0xAF 
      00000F 85 39 36         [24]  339 	MOV _empty, _n 
      000012 D2 AF            [12]  340 	SETB 0xAF 
                                    341 ;	semaphoreDefine.c:51: n = 0;
      000014 75 39 00         [24]  342 	mov	_n,#0x00
                                    343 ;	semaphoreDefine.c:52: SemaphoreCreate(full,n);
      000017 C2 AF            [12]  344 	CLR 0xAF 
      000019 85 39 37         [24]  345 	MOV _full, _n 
      00001C D2 AF            [12]  346 	SETB 0xAF 
                                    347 ;	semaphoreDefine.c:54: while(1){
      00001E                        348 00102$:
                                    349 ;	semaphoreDefine.c:55: SemaphoreWait(empty);
      00001E                        350 		0$:
      00001E 85 36 E0         [24]  351 	MOV ACC, _empty 
      000021 60 FB            [24]  352 	JZ 0$ 
      000023 20 E7 F8         [24]  353 	JB 0xE7, 0$ 
      000026 15 36            [12]  354 	DEC _empty 
                                    355 ;	semaphoreDefine.c:57: }
      000028 80 F4            [24]  356 	sjmp	00102$
                                    357 ;------------------------------------------------------------
                                    358 ;Allocation info for local variables in function '_sdcc_gsinit_startup'
                                    359 ;------------------------------------------------------------
                                    360 ;	semaphoreDefine.c:59: void _sdcc_gsinit_startup(void) {
                                    361 ;	-----------------------------------------
                                    362 ;	 function _sdcc_gsinit_startup
                                    363 ;	-----------------------------------------
      00002A                        364 __sdcc_gsinit_startup:
                                    365 ;	semaphoreDefine.c:60: main();
                                    366 ;	semaphoreDefine.c:61: }
      00002A 02r00r00         [24]  367 	ljmp	_main
                                    368 ;------------------------------------------------------------
                                    369 ;Allocation info for local variables in function '_mcs51_genRAMCLEAR'
                                    370 ;------------------------------------------------------------
                                    371 ;	semaphoreDefine.c:62: void _mcs51_genRAMCLEAR(void) { }
                                    372 ;	-----------------------------------------
                                    373 ;	 function _mcs51_genRAMCLEAR
                                    374 ;	-----------------------------------------
      00002D                        375 __mcs51_genRAMCLEAR:
      00002D 22               [24]  376 	ret
                                    377 ;------------------------------------------------------------
                                    378 ;Allocation info for local variables in function '_mcs51_genXINIT'
                                    379 ;------------------------------------------------------------
                                    380 ;	semaphoreDefine.c:63: void _mcs51_genXINIT(void) { }
                                    381 ;	-----------------------------------------
                                    382 ;	 function _mcs51_genXINIT
                                    383 ;	-----------------------------------------
      00002E                        384 __mcs51_genXINIT:
      00002E 22               [24]  385 	ret
                                    386 ;------------------------------------------------------------
                                    387 ;Allocation info for local variables in function '_mcs51_genXRAMCLEAR'
                                    388 ;------------------------------------------------------------
                                    389 ;	semaphoreDefine.c:64: void _mcs51_genXRAMCLEAR(void) { }
                                    390 ;	-----------------------------------------
                                    391 ;	 function _mcs51_genXRAMCLEAR
                                    392 ;	-----------------------------------------
      00002F                        393 __mcs51_genXRAMCLEAR:
      00002F 22               [24]  394 	ret
                                    395 	.area CSEG    (CODE)
                                    396 	.area CONST   (CODE)
                                    397 	.area XINIT   (CODE)
                                    398 	.area CABS    (ABS,CODE)
